// Jest Snapshot v1, https://goo.gl/fbAQLP

exports[`IconButtonComponent matches snapshot 1`] = `
<button
  className="custom-class-name"
  onClick={[MockFunction]}
  type="button"
>
  <img
    draggable={false}
    src="imgSrc"
    theme={
      Theme {
        "accent": "red",
        "appearance": {},
        "blocks": "three",
        "fonts": {
          "google": [],
          "history": [],
          "system": [],
        },
        "gui": "light",
        "id": 4,
        "menuBarAlign": "center",
        "name": undefined,
        "wallpaper": {
          "darkness": 0,
          "gridVisible": true,
          "history": [],
          "opacity": 0.3,
          "url": "",
        },
      }
    }
  />
  <div>
    <div>
      Text
    </div>
  </div>
</button>
`;
