// Jest Snapshot v1, https://goo.gl/fbAQLP

exports[`Sound Editor Component matches snapshot 1`] = `
<div
  onMouseDown={[MockFunction]}
>
  <div>
    <div>
      <label>
        <span>
          Sound
        </span>
        <input
          className=""
          onBlur={[Function]}
          onChange={[Function]}
          onKeyPress={[Function]}
          onSubmit={[MockFunction]}
          tabIndex="1"
          type="text"
          value="sound name"
        />
      </label>
      <div>
        <button
          aria-label="Undo"
          disabled={false}
          onClick={[MockFunction]}
          title="Undo"
          type="button"
        >
          <img
            draggable={false}
            src="test-file-stub"
            theme={
              Theme {
                "accent": "red",
                "appearance": {},
                "blocks": "three",
                "fonts": {
                  "google": [],
                  "history": [],
                  "system": [],
                },
                "gui": "light",
                "id": 4,
                "menuBarAlign": "center",
                "name": undefined,
                "wallpaper": {
                  "darkness": 0,
                  "gridVisible": true,
                  "history": [],
                  "opacity": 0.3,
                  "url": "",
                },
              }
            }
          />
        </button>
        <button
          aria-label="Redo"
          disabled={true}
          onClick={[MockFunction]}
          title="Redo"
          type="button"
        >
          <img
            draggable={false}
            src="test-file-stub"
            theme={
              Theme {
                "accent": "red",
                "appearance": {},
                "blocks": "three",
                "fonts": {
                  "google": [],
                  "history": [],
                  "system": [],
                },
                "gui": "light",
                "id": 4,
                "menuBarAlign": "center",
                "name": undefined,
                "wallpaper": {
                  "darkness": 0,
                  "gridVisible": true,
                  "history": [],
                  "opacity": 0.3,
                  "url": "",
                },
              }
            }
          />
        </button>
      </div>
    </div>
    <div>
      <button
        aria-label="Copy"
        className=""
        onClick={[MockFunction]}
        title="Copy"
        type="button"
      >
        <img
          draggable={false}
          src="test-file-stub"
          theme={
            Theme {
              "accent": "red",
              "appearance": {},
              "blocks": "three",
              "fonts": {
                "google": [],
                "history": [],
                "system": [],
              },
              "gui": "light",
              "id": 4,
              "menuBarAlign": "center",
              "name": undefined,
              "wallpaper": {
                "darkness": 0,
                "gridVisible": true,
                "history": [],
                "opacity": 0.3,
                "url": "",
              },
            }
          }
        />
        <div>
          Copy
        </div>
      </button>
      <button
        aria-label="Paste"
        className=""
        disabled={true}
        onClick={[MockFunction]}
        title="Paste"
        type="button"
      >
        <img
          draggable={false}
          src="test-file-stub"
          theme={
            Theme {
              "accent": "red",
              "appearance": {},
              "blocks": "three",
              "fonts": {
                "google": [],
                "history": [],
                "system": [],
              },
              "gui": "light",
              "id": 4,
              "menuBarAlign": "center",
              "name": undefined,
              "wallpaper": {
                "darkness": 0,
                "gridVisible": true,
                "history": [],
                "opacity": 0.3,
                "url": "",
              },
            }
          }
        />
        <div>
          Paste
        </div>
      </button>
      <button
        aria-label="Copy to New"
        className=""
        onClick={[MockFunction]}
        title="Copy to New"
        type="button"
      >
        <img
          draggable={false}
          src="test-file-stub"
          theme={
            Theme {
              "accent": "red",
              "appearance": {},
              "blocks": "three",
              "fonts": {
                "google": [],
                "history": [],
                "system": [],
              },
              "gui": "light",
              "id": 4,
              "menuBarAlign": "center",
              "name": undefined,
              "wallpaper": {
                "darkness": 0,
                "gridVisible": true,
                "history": [],
                "opacity": 0.3,
                "url": "",
              },
            }
          }
        />
        <div>
          Copy to New
        </div>
      </button>
    </div>
    <button
      aria-label="Delete"
      className=""
      disabled={false}
      onClick={[MockFunction]}
      title="Delete"
      type="button"
    >
      <img
        draggable={false}
        src="test-file-stub"
        theme={
          Theme {
            "accent": "red",
            "appearance": {},
            "blocks": "three",
            "fonts": {
              "google": [],
              "history": [],
              "system": [],
            },
            "gui": "light",
            "id": 4,
            "menuBarAlign": "center",
            "name": undefined,
            "wallpaper": {
              "darkness": 0,
              "gridVisible": true,
              "history": [],
              "opacity": 0.3,
              "url": "",
            },
          }
        }
      />
      <div>
        Delete
      </div>
    </button>
  </div>
  <div
    className=""
  >
    <div>
      <svg
        viewBox="0 0 600 160"
      >
        <g
          transform="scale(1, -1) translate(0, -80)"
        >
          <path
            d="M0 0Q0 80 150 120 Q300 160 450 200 Q600 240 600 0 Q600 -240 450 -200 Q300 -160 150 -120 Q0 -80 0 0Z"
            strokeLinejoin="round"
            strokeWidth={1}
          />
        </g>
      </svg>
      <div
        aria-label="Waveform selection"
        className=""
        onMouseDown={[Function]}
        onTouchStart={[Function]}
        role="group"
      >
        <div
          className=""
          style={
            {
              "alignContent": undefined,
              "alignItems": undefined,
              "alignSelf": undefined,
              "flexBasis": undefined,
              "flexDirection": undefined,
              "flexGrow": undefined,
              "flexShrink": undefined,
              "flexWrap": undefined,
              "height": undefined,
              "justifyContent": undefined,
              "left": "20%",
              "width": "60.00000000000001%",
            }
          }
        >
          <div
            className=""
            style={
              {
                "alignContent": undefined,
                "alignItems": undefined,
                "alignSelf": undefined,
                "flexBasis": undefined,
                "flexDirection": undefined,
                "flexGrow": undefined,
                "flexShrink": undefined,
                "flexWrap": undefined,
                "height": undefined,
                "justifyContent": undefined,
                "width": undefined,
              }
            }
          />
          <div
            className=""
            onMouseDown={[Function]}
            onTouchStart={[Function]}
            style={
              {
                "alignContent": undefined,
                "alignItems": undefined,
                "alignSelf": undefined,
                "flexBasis": undefined,
                "flexDirection": undefined,
                "flexGrow": undefined,
                "flexShrink": undefined,
                "flexWrap": undefined,
                "height": undefined,
                "justifyContent": undefined,
                "width": undefined,
              }
            }
          >
            <div
              className=""
              style={
                {
                  "alignContent": undefined,
                  "alignItems": undefined,
                  "alignSelf": undefined,
                  "flexBasis": undefined,
                  "flexDirection": undefined,
                  "flexGrow": undefined,
                  "flexShrink": undefined,
                  "flexWrap": undefined,
                  "height": undefined,
                  "justifyContent": undefined,
                  "width": undefined,
                }
              }
            >
              <img
                draggable={false}
                src="test-file-stub"
                theme={
                  Theme {
                    "accent": "red",
                    "appearance": {},
                    "blocks": "three",
                    "fonts": {
                      "google": [],
                      "history": [],
                      "system": [],
                    },
                    "gui": "light",
                    "id": 4,
                    "menuBarAlign": "center",
                    "name": undefined,
                    "wallpaper": {
                      "darkness": 0,
                      "gridVisible": true,
                      "history": [],
                      "opacity": 0.3,
                      "url": "",
                    },
                  }
                }
              />
            </div>
            <div
              className=""
              style={
                {
                  "alignContent": undefined,
                  "alignItems": undefined,
                  "alignSelf": undefined,
                  "flexBasis": undefined,
                  "flexDirection": undefined,
                  "flexGrow": undefined,
                  "flexShrink": undefined,
                  "flexWrap": undefined,
                  "height": undefined,
                  "justifyContent": undefined,
                  "width": undefined,
                }
              }
            >
              <img
                draggable={false}
                src="test-file-stub"
                theme={
                  Theme {
                    "accent": "red",
                    "appearance": {},
                    "blocks": "three",
                    "fonts": {
                      "google": [],
                      "history": [],
                      "system": [],
                    },
                    "gui": "light",
                    "id": 4,
                    "menuBarAlign": "center",
                    "name": undefined,
                    "wallpaper": {
                      "darkness": 0,
                      "gridVisible": true,
                      "history": [],
                      "opacity": 0.3,
                      "url": "",
                    },
                  }
                }
              />
            </div>
          </div>
          <div
            className=""
            onMouseDown={[Function]}
            onTouchStart={[Function]}
            style={
              {
                "alignContent": undefined,
                "alignItems": undefined,
                "alignSelf": undefined,
                "flexBasis": undefined,
                "flexDirection": undefined,
                "flexGrow": undefined,
                "flexShrink": undefined,
                "flexWrap": undefined,
                "height": undefined,
                "justifyContent": undefined,
                "width": undefined,
              }
            }
          >
            <div
              className=""
              style={
                {
                  "alignContent": undefined,
                  "alignItems": undefined,
                  "alignSelf": undefined,
                  "flexBasis": undefined,
                  "flexDirection": undefined,
                  "flexGrow": undefined,
                  "flexShrink": undefined,
                  "flexWrap": undefined,
                  "height": undefined,
                  "justifyContent": undefined,
                  "width": undefined,
                }
              }
            >
              <img
                draggable={false}
                src="test-file-stub"
                theme={
                  Theme {
                    "accent": "red",
                    "appearance": {},
                    "blocks": "three",
                    "fonts": {
                      "google": [],
                      "history": [],
                      "system": [],
                    },
                    "gui": "light",
                    "id": 4,
                    "menuBarAlign": "center",
                    "name": undefined,
                    "wallpaper": {
                      "darkness": 0,
                      "gridVisible": true,
                      "history": [],
                      "opacity": 0.3,
                      "url": "",
                    },
                  }
                }
              />
            </div>
            <div
              className=""
              style={
                {
                  "alignContent": undefined,
                  "alignItems": undefined,
                  "alignSelf": undefined,
                  "flexBasis": undefined,
                  "flexDirection": undefined,
                  "flexGrow": undefined,
                  "flexShrink": undefined,
                  "flexWrap": undefined,
                  "height": undefined,
                  "justifyContent": undefined,
                  "width": undefined,
                }
              }
            >
              <img
                draggable={false}
                src="test-file-stub"
                theme={
                  Theme {
                    "accent": "red",
                    "appearance": {},
                    "blocks": "three",
                    "fonts": {
                      "google": [],
                      "history": [],
                      "system": [],
                    },
                    "gui": "light",
                    "id": 4,
                    "menuBarAlign": "center",
                    "name": undefined,
                    "wallpaper": {
                      "darkness": 0,
                      "gridVisible": true,
                      "history": [],
                      "opacity": 0.3,
                      "url": "",
                    },
                  }
                }
              />
            </div>
          </div>
        </div>
        <div>
          <div
            className=""
            style={
              {
                "transform": "translateX(50%)",
              }
            }
          />
        </div>
      </div>
    </div>
  </div>
  <div
    className=""
  >
    <div
      className=""
    >
      <button
        className=""
        onClick={[MockFunction]}
        title="Stop"
        type="button"
      >
        <img
          draggable={false}
          src="test-file-stub"
        />
      </button>
    </div>
    <div
      aria-label="Sound effects"
      role="group"
    >
      <button
        aria-label="Faster"
        className=""
        onClick={[MockFunction]}
        title="Faster"
        type="button"
      >
        <img
          draggable={false}
          src="test-file-stub"
          theme={
            Theme {
              "accent": "red",
              "appearance": {},
              "blocks": "three",
              "fonts": {
                "google": [],
                "history": [],
                "system": [],
              },
              "gui": "light",
              "id": 4,
              "menuBarAlign": "center",
              "name": undefined,
              "wallpaper": {
                "darkness": 0,
                "gridVisible": true,
                "history": [],
                "opacity": 0.3,
                "url": "",
              },
            }
          }
        />
        <div>
          Faster
        </div>
      </button>
      <button
        aria-label="Slower"
        className=""
        onClick={[MockFunction]}
        title="Slower"
        type="button"
      >
        <img
          draggable={false}
          src="test-file-stub"
          theme={
            Theme {
              "accent": "red",
              "appearance": {},
              "blocks": "three",
              "fonts": {
                "google": [],
                "history": [],
                "system": [],
              },
              "gui": "light",
              "id": 4,
              "menuBarAlign": "center",
              "name": undefined,
              "wallpaper": {
                "darkness": 0,
                "gridVisible": true,
                "history": [],
                "opacity": 0.3,
                "url": "",
              },
            }
          }
        />
        <div>
          Slower
        </div>
      </button>
      <button
        aria-label="Louder"
        className=""
        disabled={false}
        onClick={[MockFunction]}
        title="Louder"
        type="button"
      >
        <img
          draggable={false}
          src="test-file-stub"
          theme={
            Theme {
              "accent": "red",
              "appearance": {},
              "blocks": "three",
              "fonts": {
                "google": [],
                "history": [],
                "system": [],
              },
              "gui": "light",
              "id": 4,
              "menuBarAlign": "center",
              "name": undefined,
              "wallpaper": {
                "darkness": 0,
                "gridVisible": true,
                "history": [],
                "opacity": 0.3,
                "url": "",
              },
            }
          }
        />
        <div>
          Louder
        </div>
      </button>
      <button
        aria-label="Softer"
        className=""
        onClick={[MockFunction]}
        title="Softer"
        type="button"
      >
        <img
          draggable={false}
          src="test-file-stub"
          theme={
            Theme {
              "accent": "red",
              "appearance": {},
              "blocks": "three",
              "fonts": {
                "google": [],
                "history": [],
                "system": [],
              },
              "gui": "light",
              "id": 4,
              "menuBarAlign": "center",
              "name": undefined,
              "wallpaper": {
                "darkness": 0,
                "gridVisible": true,
                "history": [],
                "opacity": 0.3,
                "url": "",
              },
            }
          }
        />
        <div>
          Softer
        </div>
      </button>
      <button
        aria-label="Mute"
        className=""
        onClick={[MockFunction]}
        title="Mute"
        type="button"
      >
        <img
          draggable={false}
          src="test-file-stub"
          theme={
            Theme {
              "accent": "red",
              "appearance": {},
              "blocks": "three",
              "fonts": {
                "google": [],
                "history": [],
                "system": [],
              },
              "gui": "light",
              "id": 4,
              "menuBarAlign": "center",
              "name": undefined,
              "wallpaper": {
                "darkness": 0,
                "gridVisible": true,
                "history": [],
                "opacity": 0.3,
                "url": "",
              },
            }
          }
        />
        <div>
          Mute
        </div>
      </button>
      <button
        aria-label="Fade in"
        className=""
        onClick={[MockFunction]}
        title="Fade in"
        type="button"
      >
        <img
          draggable={false}
          src="test-file-stub"
          theme={
            Theme {
              "accent": "red",
              "appearance": {},
              "blocks": "three",
              "fonts": {
                "google": [],
                "history": [],
                "system": [],
              },
              "gui": "light",
              "id": 4,
              "menuBarAlign": "center",
              "name": undefined,
              "wallpaper": {
                "darkness": 0,
                "gridVisible": true,
                "history": [],
                "opacity": 0.3,
                "url": "",
              },
            }
          }
        />
        <div>
          Fade in
        </div>
      </button>
      <button
        aria-label="Fade out"
        className=""
        onClick={[MockFunction]}
        title="Fade out"
        type="button"
      >
        <img
          draggable={false}
          src="test-file-stub"
          theme={
            Theme {
              "accent": "red",
              "appearance": {},
              "blocks": "three",
              "fonts": {
                "google": [],
                "history": [],
                "system": [],
              },
              "gui": "light",
              "id": 4,
              "menuBarAlign": "center",
              "name": undefined,
              "wallpaper": {
                "darkness": 0,
                "gridVisible": true,
                "history": [],
                "opacity": 0.3,
                "url": "",
              },
            }
          }
        />
        <div>
          Fade out
        </div>
      </button>
      <button
        aria-label="Reverse"
        className=""
        onClick={[MockFunction]}
        title="Reverse"
        type="button"
      >
        <img
          draggable={false}
          src="test-file-stub"
          theme={
            Theme {
              "accent": "red",
              "appearance": {},
              "blocks": "three",
              "fonts": {
                "google": [],
                "history": [],
                "system": [],
              },
              "gui": "light",
              "id": 4,
              "menuBarAlign": "center",
              "name": undefined,
              "wallpaper": {
                "darkness": 0,
                "gridVisible": true,
                "history": [],
                "opacity": 0.3,
                "url": "",
              },
            }
          }
        />
        <div>
          Reverse
        </div>
      </button>
      <button
        aria-label="Robot"
        className=""
        onClick={[MockFunction]}
        title="Robot"
        type="button"
      >
        <img
          draggable={false}
          src="test-file-stub"
          theme={
            Theme {
              "accent": "red",
              "appearance": {},
              "blocks": "three",
              "fonts": {
                "google": [],
                "history": [],
                "system": [],
              },
              "gui": "light",
              "id": 4,
              "menuBarAlign": "center",
              "name": undefined,
              "wallpaper": {
                "darkness": 0,
                "gridVisible": true,
                "history": [],
                "opacity": 0.3,
                "url": "",
              },
            }
          }
        />
        <div>
          Robot
        </div>
      </button>
      <button
        aria-label="Echo"
        className=""
        onClick={[MockFunction]}
        title="Echo"
        type="button"
      >
        <img
          draggable={false}
          src="test-file-stub"
          theme={
            Theme {
              "accent": "red",
              "appearance": {},
              "blocks": "three",
              "fonts": {
                "google": [],
                "history": [],
                "system": [],
              },
              "gui": "light",
              "id": 4,
              "menuBarAlign": "center",
              "name": undefined,
              "wallpaper": {
                "darkness": 0,
                "gridVisible": true,
                "history": [],
                "opacity": 0.3,
                "url": "",
              },
            }
          }
        />
        <div>
          Echo
        </div>
      </button>
    </div>
  </div>
  <div>
    <div>
      00:00.30 / 00:00.60
    </div>
    <div>
      44.1 kHz · Mono · 10.51KB
    </div>
  </div>
</div>
`;
