// Jest Snapshot v1, https://goo.gl/fbAQLP

exports[`Sound Editor Component matches snapshot 1`] = `
<div>
  <div>
    <div>
      <label>
        <span>
          Sound
        </span>
        <input
          className=""
          onBlur={[Function]}
          onChange={[Function]}
          onKeyPress={[Function]}
          onSubmit={[MockFunction]}
          tabIndex="1"
          type="text"
          value="sound name"
        />
      </label>
      <div>
        <button
          disabled={false}
          onClick={[MockFunction]}
          title="Undo"
          type="button"
        >
          <img
            draggable={false}
            src="test-file-stub"
            theme={
              Theme {
                "accent": "red",
                "appearance": {},
                "blocks": "three",
                "fonts": {
                  "google": [],
                  "history": [],
                  "system": [],
                },
                "gui": "light",
                "id": 4,
                "menuBarAlign": "center",
                "name": undefined,
                "wallpaper": {
                  "darkness": 0,
                  "gridVisible": true,
                  "history": [],
                  "opacity": 0.3,
                  "url": "",
                },
              }
            }
          />
        </button>
        <button
          disabled={true}
          onClick={[MockFunction]}
          title="Redo"
          type="button"
        >
          <img
            draggable={false}
            src="test-file-stub"
            theme={
              Theme {
                "accent": "red",
                "appearance": {},
                "blocks": "three",
                "fonts": {
                  "google": [],
                  "history": [],
                  "system": [],
                },
                "gui": "light",
                "id": 4,
                "menuBarAlign": "center",
                "name": undefined,
                "wallpaper": {
                  "darkness": 0,
                  "gridVisible": true,
                  "history": [],
                  "opacity": 0.3,
                  "url": "",
                },
              }
            }
          />
        </button>
      </div>
    </div>
    <div>
      <button
        className=""
        type="button"
      >
        <img
          draggable={false}
          src="test-file-stub"
          theme={
            Theme {
              "accent": "red",
              "appearance": {},
              "blocks": "three",
              "fonts": {
                "google": [],
                "history": [],
                "system": [],
              },
              "gui": "light",
              "id": 4,
              "menuBarAlign": "center",
              "name": undefined,
              "wallpaper": {
                "darkness": 0,
                "gridVisible": true,
                "history": [],
                "opacity": 0.3,
                "url": "",
              },
            }
          }
        />
        <div>
          Copy
        </div>
      </button>
      <button
        className=""
        disabled={false}
        type="button"
      >
        <img
          draggable={false}
          src="test-file-stub"
          theme={
            Theme {
              "accent": "red",
              "appearance": {},
              "blocks": "three",
              "fonts": {
                "google": [],
                "history": [],
                "system": [],
              },
              "gui": "light",
              "id": 4,
              "menuBarAlign": "center",
              "name": undefined,
              "wallpaper": {
                "darkness": 0,
                "gridVisible": true,
                "history": [],
                "opacity": 0.3,
                "url": "",
              },
            }
          }
        />
        <div>
          Paste
        </div>
      </button>
      <button
        className=""
        type="button"
      >
        <img
          draggable={false}
          src="test-file-stub"
          theme={
            Theme {
              "accent": "red",
              "appearance": {},
              "blocks": "three",
              "fonts": {
                "google": [],
                "history": [],
                "system": [],
              },
              "gui": "light",
              "id": 4,
              "menuBarAlign": "center",
              "name": undefined,
              "wallpaper": {
                "darkness": 0,
                "gridVisible": true,
                "history": [],
                "opacity": 0.3,
                "url": "",
              },
            }
          }
        />
        <div>
          Copy to New
        </div>
      </button>
    </div>
    <button
      className=""
      disabled={false}
      onClick={[MockFunction]}
      type="button"
    >
      <img
        draggable={false}
        src="test-file-stub"
        theme={
          Theme {
            "accent": "red",
            "appearance": {},
            "blocks": "three",
            "fonts": {
              "google": [],
              "history": [],
              "system": [],
            },
            "gui": "light",
            "id": 4,
            "menuBarAlign": "center",
            "name": undefined,
            "wallpaper": {
              "darkness": 0,
              "gridVisible": true,
              "history": [],
              "opacity": 0.3,
              "url": "",
            },
          }
        }
      />
      <div>
        Delete
      </div>
    </button>
  </div>
  <div>
    <div>
      <svg
        viewBox="0 0 600 160"
      >
        <g
          transform="scale(1, -1) translate(0, -80)"
        >
          <path
            d="M0 0Q0 80 150 120 Q300 160 450 200 Q600 240 600 0 Q600 -240 450 -200 Q300 -160 150 -120 Q0 -80 0 0Z"
            strokeLinejoin="round"
            strokeWidth={1}
          />
        </g>
      </svg>
      <div
        className=""
        onMouseDown={[Function]}
        onTouchStart={[Function]}
      >
        <div
          className=""
          style={
            {
              "alignContent": undefined,
              "alignItems": undefined,
              "alignSelf": undefined,
              "flexBasis": undefined,
              "flexDirection": undefined,
              "flexGrow": undefined,
              "flexShrink": undefined,
              "flexWrap": undefined,
              "height": undefined,
              "justifyContent": undefined,
              "left": "20%",
              "width": "60.00000000000001%",
            }
          }
        >
          <div
            className=""
            style={
              {
                "alignContent": undefined,
                "alignItems": undefined,
                "alignSelf": undefined,
                "flexBasis": undefined,
                "flexDirection": undefined,
                "flexGrow": undefined,
                "flexShrink": undefined,
                "flexWrap": undefined,
                "height": undefined,
                "justifyContent": undefined,
                "width": undefined,
              }
            }
          />
          <div
            className=""
            onMouseDown={[Function]}
            onTouchStart={[Function]}
            style={
              {
                "alignContent": undefined,
                "alignItems": undefined,
                "alignSelf": undefined,
                "flexBasis": undefined,
                "flexDirection": undefined,
                "flexGrow": undefined,
                "flexShrink": undefined,
                "flexWrap": undefined,
                "height": undefined,
                "justifyContent": undefined,
                "width": undefined,
              }
            }
          >
            <div
              className=""
              style={
                {
                  "alignContent": undefined,
                  "alignItems": undefined,
                  "alignSelf": undefined,
                  "flexBasis": undefined,
                  "flexDirection": undefined,
                  "flexGrow": undefined,
                  "flexShrink": undefined,
                  "flexWrap": undefined,
                  "height": undefined,
                  "justifyContent": undefined,
                  "width": undefined,
                }
              }
            >
              <img
                draggable={false}
                src="test-file-stub"
                theme={
                  Theme {
                    "accent": "red",
                    "appearance": {},
                    "blocks": "three",
                    "fonts": {
                      "google": [],
                      "history": [],
                      "system": [],
                    },
                    "gui": "light",
                    "id": 4,
                    "menuBarAlign": "center",
                    "name": undefined,
                    "wallpaper": {
                      "darkness": 0,
                      "gridVisible": true,
                      "history": [],
                      "opacity": 0.3,
                      "url": "",
                    },
                  }
                }
              />
            </div>
            <div
              className=""
              style={
                {
                  "alignContent": undefined,
                  "alignItems": undefined,
                  "alignSelf": undefined,
                  "flexBasis": undefined,
                  "flexDirection": undefined,
                  "flexGrow": undefined,
                  "flexShrink": undefined,
                  "flexWrap": undefined,
                  "height": undefined,
                  "justifyContent": undefined,
                  "width": undefined,
                }
              }
            >
              <img
                draggable={false}
                src="test-file-stub"
                theme={
                  Theme {
                    "accent": "red",
                    "appearance": {},
                    "blocks": "three",
                    "fonts": {
                      "google": [],
                      "history": [],
                      "system": [],
                    },
                    "gui": "light",
                    "id": 4,
                    "menuBarAlign": "center",
                    "name": undefined,
                    "wallpaper": {
                      "darkness": 0,
                      "gridVisible": true,
                      "history": [],
                      "opacity": 0.3,
                      "url": "",
                    },
                  }
                }
              />
            </div>
          </div>
          <div
            className=""
            onMouseDown={[Function]}
            onTouchStart={[Function]}
            style={
              {
                "alignContent": undefined,
                "alignItems": undefined,
                "alignSelf": undefined,
                "flexBasis": undefined,
                "flexDirection": undefined,
                "flexGrow": undefined,
                "flexShrink": undefined,
                "flexWrap": undefined,
                "height": undefined,
                "justifyContent": undefined,
                "width": undefined,
              }
            }
          >
            <div
              className=""
              style={
                {
                  "alignContent": undefined,
                  "alignItems": undefined,
                  "alignSelf": undefined,
                  "flexBasis": undefined,
                  "flexDirection": undefined,
                  "flexGrow": undefined,
                  "flexShrink": undefined,
                  "flexWrap": undefined,
                  "height": undefined,
                  "justifyContent": undefined,
                  "width": undefined,
                }
              }
            >
              <img
                draggable={false}
                src="test-file-stub"
                theme={
                  Theme {
                    "accent": "red",
                    "appearance": {},
                    "blocks": "three",
                    "fonts": {
                      "google": [],
                      "history": [],
                      "system": [],
                    },
                    "gui": "light",
                    "id": 4,
                    "menuBarAlign": "center",
                    "name": undefined,
                    "wallpaper": {
                      "darkness": 0,
                      "gridVisible": true,
                      "history": [],
                      "opacity": 0.3,
                      "url": "",
                    },
                  }
                }
              />
            </div>
            <div
              className=""
              style={
                {
                  "alignContent": undefined,
                  "alignItems": undefined,
                  "alignSelf": undefined,
                  "flexBasis": undefined,
                  "flexDirection": undefined,
                  "flexGrow": undefined,
                  "flexShrink": undefined,
                  "flexWrap": undefined,
                  "height": undefined,
                  "justifyContent": undefined,
                  "width": undefined,
                }
              }
            >
              <img
                draggable={false}
                src="test-file-stub"
                theme={
                  Theme {
                    "accent": "red",
                    "appearance": {},
                    "blocks": "three",
                    "fonts": {
                      "google": [],
                      "history": [],
                      "system": [],
                    },
                    "gui": "light",
                    "id": 4,
                    "menuBarAlign": "center",
                    "name": undefined,
                    "wallpaper": {
                      "darkness": 0,
                      "gridVisible": true,
                      "history": [],
                      "opacity": 0.3,
                      "url": "",
                    },
                  }
                }
              />
            </div>
          </div>
        </div>
        <div>
          <div
            className=""
            style={
              {
                "transform": "translateX(50%)",
              }
            }
          />
        </div>
      </div>
    </div>
  </div>
  <div
    className=""
  >
    <div
      className=""
    >
      <button
        className=""
        onClick={[MockFunction]}
        title="Stop"
        type="button"
      >
        <img
          draggable={false}
          src="test-file-stub"
        />
      </button>
    </div>
    <div>
      <button
        className=""
        onClick={[MockFunction]}
        type="button"
      >
        <img
          draggable={false}
          src="test-file-stub"
          theme={
            Theme {
              "accent": "red",
              "appearance": {},
              "blocks": "three",
              "fonts": {
                "google": [],
                "history": [],
                "system": [],
              },
              "gui": "light",
              "id": 4,
              "menuBarAlign": "center",
              "name": undefined,
              "wallpaper": {
                "darkness": 0,
                "gridVisible": true,
                "history": [],
                "opacity": 0.3,
                "url": "",
              },
            }
          }
        />
        <div>
          <span>
            Faster
          </span>
        </div>
      </button>
      <button
        className=""
        onClick={[MockFunction]}
        type="button"
      >
        <img
          draggable={false}
          src="test-file-stub"
          theme={
            Theme {
              "accent": "red",
              "appearance": {},
              "blocks": "three",
              "fonts": {
                "google": [],
                "history": [],
                "system": [],
              },
              "gui": "light",
              "id": 4,
              "menuBarAlign": "center",
              "name": undefined,
              "wallpaper": {
                "darkness": 0,
                "gridVisible": true,
                "history": [],
                "opacity": 0.3,
                "url": "",
              },
            }
          }
        />
        <div>
          <span>
            Slower
          </span>
        </div>
      </button>
      <button
        className=""
        onClick={[MockFunction]}
        type="button"
      >
        <img
          draggable={false}
          src="test-file-stub"
          theme={
            Theme {
              "accent": "red",
              "appearance": {},
              "blocks": "three",
              "fonts": {
                "google": [],
                "history": [],
                "system": [],
              },
              "gui": "light",
              "id": 4,
              "menuBarAlign": "center",
              "name": undefined,
              "wallpaper": {
                "darkness": 0,
                "gridVisible": true,
                "history": [],
                "opacity": 0.3,
                "url": "",
              },
            }
          }
        />
        <div>
          <span>
            Louder
          </span>
        </div>
      </button>
      <button
        className=""
        onClick={[MockFunction]}
        type="button"
      >
        <img
          draggable={false}
          src="test-file-stub"
          theme={
            Theme {
              "accent": "red",
              "appearance": {},
              "blocks": "three",
              "fonts": {
                "google": [],
                "history": [],
                "system": [],
              },
              "gui": "light",
              "id": 4,
              "menuBarAlign": "center",
              "name": undefined,
              "wallpaper": {
                "darkness": 0,
                "gridVisible": true,
                "history": [],
                "opacity": 0.3,
                "url": "",
              },
            }
          }
        />
        <div>
          <span>
            Softer
          </span>
        </div>
      </button>
      <button
        className=""
        type="button"
      >
        <img
          draggable={false}
          src="test-file-stub"
          theme={
            Theme {
              "accent": "red",
              "appearance": {},
              "blocks": "three",
              "fonts": {
                "google": [],
                "history": [],
                "system": [],
              },
              "gui": "light",
              "id": 4,
              "menuBarAlign": "center",
              "name": undefined,
              "wallpaper": {
                "darkness": 0,
                "gridVisible": true,
                "history": [],
                "opacity": 0.3,
                "url": "",
              },
            }
          }
        />
        <div>
          <span>
            Mute
          </span>
        </div>
      </button>
      <button
        className=""
        type="button"
      >
        <img
          draggable={false}
          src="test-file-stub"
          theme={
            Theme {
              "accent": "red",
              "appearance": {},
              "blocks": "three",
              "fonts": {
                "google": [],
                "history": [],
                "system": [],
              },
              "gui": "light",
              "id": 4,
              "menuBarAlign": "center",
              "name": undefined,
              "wallpaper": {
                "darkness": 0,
                "gridVisible": true,
                "history": [],
                "opacity": 0.3,
                "url": "",
              },
            }
          }
        />
        <div>
          <span>
            Fade in
          </span>
        </div>
      </button>
      <button
        className=""
        type="button"
      >
        <img
          draggable={false}
          src="test-file-stub"
          theme={
            Theme {
              "accent": "red",
              "appearance": {},
              "blocks": "three",
              "fonts": {
                "google": [],
                "history": [],
                "system": [],
              },
              "gui": "light",
              "id": 4,
              "menuBarAlign": "center",
              "name": undefined,
              "wallpaper": {
                "darkness": 0,
                "gridVisible": true,
                "history": [],
                "opacity": 0.3,
                "url": "",
              },
            }
          }
        />
        <div>
          <span>
            Fade out
          </span>
        </div>
      </button>
      <button
        className=""
        onClick={[MockFunction]}
        type="button"
      >
        <img
          draggable={false}
          src="test-file-stub"
          theme={
            Theme {
              "accent": "red",
              "appearance": {},
              "blocks": "three",
              "fonts": {
                "google": [],
                "history": [],
                "system": [],
              },
              "gui": "light",
              "id": 4,
              "menuBarAlign": "center",
              "name": undefined,
              "wallpaper": {
                "darkness": 0,
                "gridVisible": true,
                "history": [],
                "opacity": 0.3,
                "url": "",
              },
            }
          }
        />
        <div>
          <span>
            Reverse
          </span>
        </div>
      </button>
      <button
        className=""
        onClick={[MockFunction]}
        type="button"
      >
        <img
          draggable={false}
          src="test-file-stub"
          theme={
            Theme {
              "accent": "red",
              "appearance": {},
              "blocks": "three",
              "fonts": {
                "google": [],
                "history": [],
                "system": [],
              },
              "gui": "light",
              "id": 4,
              "menuBarAlign": "center",
              "name": undefined,
              "wallpaper": {
                "darkness": 0,
                "gridVisible": true,
                "history": [],
                "opacity": 0.3,
                "url": "",
              },
            }
          }
        />
        <div>
          <span>
            Robot
          </span>
        </div>
      </button>
      <button
        className=""
        onClick={[MockFunction]}
        type="button"
      >
        <img
          draggable={false}
          src="test-file-stub"
          theme={
            Theme {
              "accent": "red",
              "appearance": {},
              "blocks": "three",
              "fonts": {
                "google": [],
                "history": [],
                "system": [],
              },
              "gui": "light",
              "id": 4,
              "menuBarAlign": "center",
              "name": undefined,
              "wallpaper": {
                "darkness": 0,
                "gridVisible": true,
                "history": [],
                "opacity": 0.3,
                "url": "",
              },
            }
          }
        />
        <div>
          <span>
            Echo
          </span>
        </div>
      </button>
    </div>
  </div>
  <div>
    <div>
      00:00.30 / 00:00.60
    </div>
    <div>
      Hz 
      <span>
        Mono
      </span>
       (10.51KB)
    </div>
  </div>
</div>
`;
